// Jest Snapshot v1, https://goo.gl/fbAQLP

exports[`genDiff json format 1`] = `
"[
  {
    "key": "follow",
    "type": "removed",
    "value": false
  },
  {
    "key": "host",
    "type": "unchanged",
    "value": "hexlet.io"
  },
  {
    "key": "proxy",
    "type": "removed",
    "value": "123.234.53.22"
  },
  {
    "key": "timeout",
    "type": "updated",
    "value": 20,
    "oldValue": 50
  },
  {
    "key": "verbose",
    "type": "added",
    "value": true
  }
]"
`;

exports[`genDiff plain format 1`] = `
"Property 'follow' was removed
Property 'proxy' was removed
Property 'timeout' was updated. From 20 to 50
Property 'verbose' was added with value: true"
`;

exports[`genDiff stylish format (default) 1`] = `
"{
  - follow: false
    host: hexlet.io
  - proxy: 123.234.53.22
  - timeout: 50
  + timeout: 20
  + verbose: true
}"
`;
